// Vitest Snapshot v1, https://vitest.dev/guide/snapshot.html

exports[`GifsApp > should render component properly 1`] = `
<div>
  <header
    class="content-center"
  >
    <h1>
      Buscador de GIFS
    </h1>
    <p>
      Descubre y comparte el GIF perfecto
    </p>
  </header>
  <section
    class="search-container"
  >
    <input
      placeholder="Buscar GIF"
      type="text"
    />
    <button>
      Buscar
    </button>
  </section>
  <section
    class="previous-searches"
  >
    <h2>
      Busquedas previas
    </h2>
    <ul
      class="previous-searches-list"
    />
  </section>
  <section
    class="gifs-container"
  />
</div>
`;
